c:\users\ell\documents\repos\vulkanphysics\simulationstaticlib\x64\release\simulationstaticlib.pch
c:\users\ell\documents\repos\vulkanphysics\x64\release\simulationstaticlib.pdb
c:\users\ell\documents\repos\vulkanphysics\simulationstaticlib\x64\release\pch.obj
c:\users\ell\documents\repos\vulkanphysics\simulationstaticlib\x64\release\sphere.obj
c:\users\ell\documents\repos\vulkanphysics\simulationstaticlib\x64\release\simulationstaticlib.obj
c:\users\ell\documents\repos\vulkanphysics\simulationstaticlib\x64\release\raycast.obj
c:\users\ell\documents\repos\vulkanphysics\simulationstaticlib\x64\release\plane.obj
c:\users\ell\documents\repos\vulkanphysics\simulationstaticlib\x64\release\physicshelper.obj
c:\users\ell\documents\repos\vulkanphysics\simulationstaticlib\x64\release\cylinder.obj
c:\users\ell\documents\repos\vulkanphysics\simulationstaticlib\x64\release\capsule.obj
c:\users\ell\documents\repos\vulkanphysics\simulationstaticlib\x64\release\collider.obj
c:\users\ell\documents\repos\vulkanphysics\simulationstaticlib\x64\release\aabb.obj
c:\users\ell\documents\repos\vulkanphysics\x64\release\simulationstaticlib.lib
c:\users\ell\documents\repos\vulkanphysics\simulationstaticlib\x64\release\simulationstaticlib.pdb
c:\users\ell\documents\repos\vulkanphysics\simulationstaticlib\x64\release\simulati.001aac37.tlog\cl.command.1.tlog
c:\users\ell\documents\repos\vulkanphysics\simulationstaticlib\x64\release\simulati.001aac37.tlog\cl.items.tlog
c:\users\ell\documents\repos\vulkanphysics\simulationstaticlib\x64\release\simulati.001aac37.tlog\cl.read.1.tlog
c:\users\ell\documents\repos\vulkanphysics\simulationstaticlib\x64\release\simulati.001aac37.tlog\cl.write.1.tlog
c:\users\ell\documents\repos\vulkanphysics\simulationstaticlib\x64\release\simulati.001aac37.tlog\lib-link.read.1.tlog
c:\users\ell\documents\repos\vulkanphysics\simulationstaticlib\x64\release\simulati.001aac37.tlog\lib-link.write.1.tlog
c:\users\ell\documents\repos\vulkanphysics\simulationstaticlib\x64\release\simulati.001aac37.tlog\lib.command.1.tlog
