  Application.cpp
  ClothFactory.cpp
  Config.cpp
  InputManager.cpp
  Geometry.cpp
  GeometryGenerator.cpp
C:\Users\Ell\Documents\repos\VulkanPhysics\src\geometry\GeometryGenerator.cpp(110,69): warning C4244: 'initializing': conversion from 'double' to 'float', possible loss of data
C:\Users\Ell\Documents\repos\VulkanPhysics\src\geometry\GeometryGenerator.cpp(110,27): warning C4244: 'initializing': conversion from 'double' to 'const float', possible loss of data
  OBJLoader.cpp
  SJGLoader.cpp
  main.cpp
  EditorUI.cpp
  EditorUI_DrawMainMenu.cpp
C:\Users\Ell\Documents\repos\VulkanPhysics\src\menu\EditorUI_DrawMainMenu.cpp(1442,43): warning C4267: 'argument': conversion from 'size_t' to 'int', possible loss of data
  EditorUI_DrawWindows.cpp
  CameraController.cpp
  Renderer.cpp
  Scene.cpp
  SkyboxPass.cpp
  AnimationSystem.cpp
  CameraSystem.cpp
  ClothSystem.cpp
  ObjectSpawnerSystem.cpp
  Generating Code...
  Compiling...
  OrbitSystem.cpp
  ParticleUpdateSystem.cpp
  PhysicsSystem.cpp
  SmokeGrenadeSystem.cpp
  SimpleShadowSystem.cpp
  ThermodynamicsSystem.cpp
  TimeSystem.cpp
  WeatherSystem.cpp
  VulkanRenderPass.cpp
  Generating Code...
  LINK : C:\Users\Ell\Documents\repos\VulkanPhysics\x64\Debug\VulkanPhysics.exe not found or not built by the last incremental link; performing full link
LINK : warning LNK4098: defaultlib 'MSVCRT' conflicts with use of other libs; use /NODEFAULTLIB:library
PhysicsSystem.obj : error LNK2019: unresolved external symbol "public: __cdecl Capsule::Capsule(struct glm::vec<3,float,0> const &,struct glm::vec<3,float,0> const &,float)" (??0Capsule@@QEAA@AEBU?$vec@$02M$0A@@glm@@0M@Z) referenced in function "private: void __cdecl PhysicsSystem::Integrate(class Registry &,float)" (?Integrate@PhysicsSystem@@AEAAXAEAVRegistry@@M@Z)
PhysicsSystem.obj : error LNK2019: unresolved external symbol "public: bool __cdecl Capsule::Intersects(class Plane const &)const " (?Intersects@Capsule@@QEBA_NAEBVPlane@@@Z) referenced in function "private: void __cdecl PhysicsSystem::ResolveCollisions(class Scene &,class Registry &,float)" (?ResolveCollisions@PhysicsSystem@@AEAAXAEAVScene@@AEAVRegistry@@M@Z)
PhysicsSystem.obj : error LNK2019: unresolved external symbol "public: __cdecl MovingCapsule::MovingCapsule(class Capsule const &,struct glm::vec<3,float,0> const &,float,float)" (??0MovingCapsule@@QEAA@AEBVCapsule@@AEBU?$vec@$02M$0A@@glm@@MM@Z) referenced in function "private: void __cdecl PhysicsSystem::Integrate(class Registry &,float)" (?Integrate@PhysicsSystem@@AEAAXAEAVRegistry@@M@Z)
PhysicsSystem.obj : error LNK2019: unresolved external symbol "void __cdecl ResolveCapsulePlaneCollision(struct MovingCapsule &,class Plane const &,float,float)" (?ResolveCapsulePlaneCollision@@YAXAEAUMovingCapsule@@AEBVPlane@@MM@Z) referenced in function "private: void __cdecl PhysicsSystem::ResolveCollisions(class Scene &,class Registry &,float)" (?ResolveCollisions@PhysicsSystem@@AEAAXAEAVScene@@AEAVRegistry@@M@Z)
PhysicsSystem.obj : error LNK2019: unresolved external symbol "void __cdecl ApplyLinearDamping(struct MovingCapsule &,float,float)" (?ApplyLinearDamping@@YAXAEAUMovingCapsule@@MM@Z) referenced in function "private: void __cdecl PhysicsSystem::Integrate(class Registry &,float)" (?Integrate@PhysicsSystem@@AEAAXAEAVRegistry@@M@Z)
    Hint on symbols that are defined and could potentially match:
      "void __cdecl ApplyLinearDamping(struct MovingSphere &,float,float)" (?ApplyLinearDamping@@YAXAEAUMovingSphere@@MM@Z)
PhysicsSystem.obj : error LNK2019: unresolved external symbol "void __cdecl ApplyQuadraticDrag(struct MovingCapsule &,float,float)" (?ApplyQuadraticDrag@@YAXAEAUMovingCapsule@@MM@Z) referenced in function "private: void __cdecl PhysicsSystem::Integrate(class Registry &,float)" (?Integrate@PhysicsSystem@@AEAAXAEAVRegistry@@M@Z)
    Hint on symbols that are defined and could potentially match:
      "void __cdecl ApplyQuadraticDrag(struct MovingSphere &,float,float)" (?ApplyQuadraticDrag@@YAXAEAUMovingSphere@@MM@Z)
PhysicsSystem.obj : error LNK2019: unresolved external symbol "void __cdecl IntegrateAngularVelocity(struct MovingCapsule &,float)" (?IntegrateAngularVelocity@@YAXAEAUMovingCapsule@@M@Z) referenced in function "private: void __cdecl PhysicsSystem::Integrate(class Registry &,float)" (?Integrate@PhysicsSystem@@AEAAXAEAVRegistry@@M@Z)
    Hint on symbols that are defined and could potentially match:
      "void __cdecl IntegrateAngularVelocity(struct MovingSphere &,float)" (?IntegrateAngularVelocity@@YAXAEAUMovingSphere@@M@Z)
C:\Users\Ell\Documents\repos\VulkanPhysics\x64\Debug\VulkanPhysics.exe : fatal error LNK1120: 7 unresolved externals
