c:\users\ell\documents\repos\vulkanphysics\vulkanphysics\x64\release\vc143.pdb
c:\users\ell\documents\repos\vulkanphysics\vulkanphysics\x64\release\editorui.obj
c:\users\ell\documents\repos\vulkanphysics\vulkanphysics\x64\release\flatbuffersceneloader.obj
c:\users\ell\documents\repos\vulkanphysics\vulkanphysics\x64\release\main.obj
c:\users\ell\documents\repos\vulkanphysics\vulkanphysics\x64\release\sjgloader.obj
c:\users\ell\documents\repos\vulkanphysics\vulkanphysics\x64\release\objloader.obj
c:\users\ell\documents\repos\vulkanphysics\vulkanphysics\x64\release\geometrygenerator.obj
c:\users\ell\documents\repos\vulkanphysics\vulkanphysics\x64\release\geometry.obj
c:\users\ell\documents\repos\vulkanphysics\vulkanphysics\x64\release\window.obj
c:\users\ell\documents\repos\vulkanphysics\vulkanphysics\x64\release\inputmanager.obj
c:\users\ell\documents\repos\vulkanphysics\vulkanphysics\x64\release\config.obj
c:\users\ell\documents\repos\vulkanphysics\vulkanphysics\x64\release\clothfactory.obj
c:\users\ell\documents\repos\vulkanphysics\vulkanphysics\x64\release\application.obj
c:\users\ell\documents\repos\vulkanphysics\vulkanphysics\x64\release\imgui_widgets.obj
c:\users\ell\documents\repos\vulkanphysics\vulkanphysics\x64\release\imgui_tables.obj
c:\users\ell\documents\repos\vulkanphysics\vulkanphysics\x64\release\imgui_draw.obj
c:\users\ell\documents\repos\vulkanphysics\vulkanphysics\x64\release\imgui_demo.obj
c:\users\ell\documents\repos\vulkanphysics\vulkanphysics\x64\release\imgui.obj
c:\users\ell\documents\repos\vulkanphysics\vulkanphysics\x64\release\imgui_impl_vulkan.obj
c:\users\ell\documents\repos\vulkanphysics\vulkanphysics\x64\release\imgui_impl_glfw.obj
c:\users\ell\documents\repos\vulkanphysics\vulkanphysics\x64\release\smokegrenadesystem.obj
c:\users\ell\documents\repos\vulkanphysics\vulkanphysics\x64\release\physicssystem.obj
c:\users\ell\documents\repos\vulkanphysics\vulkanphysics\x64\release\particleupdatesystem.obj
c:\users\ell\documents\repos\vulkanphysics\vulkanphysics\x64\release\orbitsystem.obj
c:\users\ell\documents\repos\vulkanphysics\vulkanphysics\x64\release\objectspawnersystem.obj
c:\users\ell\documents\repos\vulkanphysics\vulkanphysics\x64\release\clothsystem.obj
c:\users\ell\documents\repos\vulkanphysics\vulkanphysics\x64\release\camerasystem.obj
c:\users\ell\documents\repos\vulkanphysics\vulkanphysics\x64\release\animationsystem.obj
c:\users\ell\documents\repos\vulkanphysics\vulkanphysics\x64\release\texture.obj
c:\users\ell\documents\repos\vulkanphysics\vulkanphysics\x64\release\skyboxpass.obj
c:\users\ell\documents\repos\vulkanphysics\vulkanphysics\x64\release\shadowpass.obj
c:\users\ell\documents\repos\vulkanphysics\vulkanphysics\x64\release\scene.obj
c:\users\ell\documents\repos\vulkanphysics\vulkanphysics\x64\release\renderer.obj
c:\users\ell\documents\repos\vulkanphysics\vulkanphysics\x64\release\particlesystem.obj
c:\users\ell\documents\repos\vulkanphysics\vulkanphysics\x64\release\particlelibrary.obj
c:\users\ell\documents\repos\vulkanphysics\vulkanphysics\x64\release\graphicspipeline.obj
c:\users\ell\documents\repos\vulkanphysics\vulkanphysics\x64\release\cubemap.obj
c:\users\ell\documents\repos\vulkanphysics\vulkanphysics\x64\release\cameracontroller.obj
c:\users\ell\documents\repos\vulkanphysics\vulkanphysics\x64\release\editorui_drawwindows.obj
c:\users\ell\documents\repos\vulkanphysics\vulkanphysics\x64\release\editorui_drawmainmenu.obj
c:\users\ell\documents\repos\vulkanphysics\vulkanphysics\x64\release\vulkanutils.obj
c:\users\ell\documents\repos\vulkanphysics\vulkanphysics\x64\release\vulkansyncobjects.obj
c:\users\ell\documents\repos\vulkanphysics\vulkanphysics\x64\release\vulkanswapchain.obj
c:\users\ell\documents\repos\vulkanphysics\vulkanphysics\x64\release\vulkanshader.obj
c:\users\ell\documents\repos\vulkanphysics\vulkanphysics\x64\release\vulkanrenderpass.obj
c:\users\ell\documents\repos\vulkanphysics\vulkanphysics\x64\release\vulkandevice.obj
c:\users\ell\documents\repos\vulkanphysics\vulkanphysics\x64\release\vulkandescriptorset.obj
c:\users\ell\documents\repos\vulkanphysics\vulkanphysics\x64\release\vulkancontext.obj
c:\users\ell\documents\repos\vulkanphysics\vulkanphysics\x64\release\vulkancommandbuffer.obj
c:\users\ell\documents\repos\vulkanphysics\vulkanphysics\x64\release\vulkanbuffer.obj
c:\users\ell\documents\repos\vulkanphysics\vulkanphysics\x64\release\weathersystem.obj
c:\users\ell\documents\repos\vulkanphysics\vulkanphysics\x64\release\timesystem.obj
c:\users\ell\documents\repos\vulkanphysics\vulkanphysics\x64\release\thermodynamicssystem.obj
c:\users\ell\documents\repos\vulkanphysics\vulkanphysics\x64\release\simpleshadowsystem.obj
c:\users\ell\documents\repos\vulkanphysics\src\shaders\frag.spv
c:\users\ell\documents\repos\vulkanphysics\src\shaders\vert.spv
c:\users\ell\documents\repos\vulkanphysics\src\shaders\shadow_frag.spv
c:\users\ell\documents\repos\vulkanphysics\src\shaders\shadow_vert.spv
c:\users\ell\documents\repos\vulkanphysics\src\shaders\skybox_frag.spv
c:\users\ell\documents\repos\vulkanphysics\src\shaders\skybox_vert.spv
c:\users\ell\documents\repos\vulkanphysics\src\shaders\particle_frag.spv
c:\users\ell\documents\repos\vulkanphysics\src\shaders\particle_vert.spv
c:\users\ell\documents\repos\vulkanphysics\vulkanphysics\x64\release\vulkanphysics.tlog\cl.read.1.tlog
c:\users\ell\documents\repos\vulkanphysics\vulkanphysics\x64\release\vulkanphysics.tlog\cl.write.1.tlog
c:\users\ell\documents\repos\vulkanphysics\vulkanphysics\x64\release\vulkanphysics.tlog\custombuild.command.1.tlog
c:\users\ell\documents\repos\vulkanphysics\vulkanphysics\x64\release\vulkanphysics.tlog\custombuild.read.1.tlog
c:\users\ell\documents\repos\vulkanphysics\vulkanphysics\x64\release\vulkanphysics.tlog\custombuild.write.1.tlog
